<html>
<body>
<pre>
<h1>µVision Build Log</h1>
<h2>Tool Versions:</h2>
IDE-Version: ¦ÌVision V5.36.0.0
Copyright (C) 2021 ARM Ltd and ARM Germany GmbH. All rights reserved.
License Information: 1 1, 1, LIC=32B1Q-NT7YE-QDMKD-829BS-MX3RW-NXU27
 
Tool Versions:
Toolchain:       MDK-ARM Plus  Version: 5.36.0.0
Toolchain Path:  C:\Keil_v5\ARM\ARMCLANG\Bin
C Compiler:      ArmClang.exe V6.16
Assembler:       Armasm.exe V6.16
Linker/Locator:  ArmLink.exe V6.16
Library Manager: ArmAr.exe V6.16
Hex Converter:   FromElf.exe V6.16
CPU DLL:         SARMCM3.DLL V5.36.0.0
Dialog DLL:      DCM.DLL V1.17.3.0
Target DLL:      CMSIS_AGDI.dll V1.33.0.0
Dialog DLL:      TCM.DLL V1.53.0.0
 
<h2>Project:</h2>
D:\code_jiana\sdk_demo\sdk_kws_customer\stm32\stm32g474-dtof-v1\dtof-lite-sdk-for-stm32.uvprojx
Project File Date:  07/04/2025

<h2>Output:</h2>
*** Using Compiler 'V6.16', folder: 'C:\Keil_v5\ARM\ARMCLANG\Bin'
Rebuild target 'DTOF_GNSS'
assembling startup_stm32g474xx.s...
compiling system_stm32g4xx.c...
compiling stm32_gpio.c...
compiling stm32g4xx_it.c...
compiling stm32_uart.c...
compiling main.c...
compiling board.c...
compiling ccsbcs.c...
compiling diskio.c...
compiling stm32_i2c.c...
compiling stm32_platform.c...
compiling stm32_spi.c...
compiling ff.c...
compiling stm32g4xx_hal.c...
compiling stm32g4xx_hal_cortex.c...
compiling stm32g4xx_hal_dma_ex.c...
compiling stm32g4xx_hal_dma.c...
compiling stm32g4xx_hal_exti.c...
compiling stm32g4xx_hal_flash.c...
compiling stm32g4xx_hal_flash_ex.c...
compiling stm32g4xx_hal_flash_ramfunc.c...
compiling stm32g4xx_hal_gpio.c...
compiling stm32g4xx_hal_i2c_ex.c...
compiling stm32g4xx_hal_pwr.c...
compiling stm32g4xx_hal_i2c.c...
compiling stm32g4xx_hal_pwr_ex.c...
compiling stm32g4xx_hal_rcc.c...
compiling stm32g4xx_hal_rcc_ex.c...
compiling stm32g4xx_hal_spi_ex.c...
compiling stm32g4xx_hal_rtc.c...
compiling stm32g4xx_hal_rtc_ex.c...
compiling stm32g4xx_hal_spi.c...
compiling stm32g4xx_hal_tim_ex.c...
compiling stm32g4xx_hal_uart_ex.c...
compiling stm32g4xx_hal_tim.c...
compiling stm32g4xx_hal_uart.c...
compiling stm32g4xx_hal_usart.c...
compiling stm32g4xx_hal_usart_ex.c...
compiling dtof_hal.c...
compiling dtof_driver.c...
compiling dtof_api.c...
compiling dtof_endian.c...
compiling dtof_fix16_float.c...
compiling device.c...
compiling retarget_io.c...
compiling ds_dev.c...
compiling dtof_customer.c...
linking...
Program Size: Code=52988 RO-data=6444 RW-data=1260 ZI-data=12412  
FromELF: creating hex file...
".\stm32_one_dtof_gnss.axf" - 0 Error(s), 0 Warning(s).

<h2>Software Packages used:</h2>

Package Vendor: ARM
                http://www.keil.com/pack/ARM.CMSIS.5.9.0.pack
                ARM.CMSIS.5.9.0
                CMSIS (Common Microcontroller Software Interface Standard)
   * Component: CORE Version: 5.6.0

Package Vendor: Keil
                https://www.keil.com/pack/Keil.ARM_Compiler.1.7.2.pack
                Keil.ARM_Compiler.1.7.2
                Keil ARM Compiler extensions for ARM Compiler 5 and ARM Compiler 6
   * Component: STDERR Variant: Breakpoint Version: 1.2.0

Package Vendor: Keil
                https://www.keil.com/pack/Keil.STM32G4xx_DFP.2.0.0.pack
                Keil.STM32G4xx_DFP.2.0.0
                STMicroelectronics STM32G4 Series Device Support

<h2>Collection of Component include folders:</h2>
  .\RTE\_DTOF_GNSS
  C:\Users\14193\AppData\Local\Arm\Packs\ARM\CMSIS\5.9.0\CMSIS\Core\Include

<h2>Collection of Component Files used:</h2>

   * Component: ARM::CMSIS:CORE:5.6.0

   * Component: Keil.ARM Compiler::Compiler:I/O:STDERR:Breakpoint:1.2.0
      Source file:   Source\retarget_io.c
Build Time Elapsed:  00:00:03
</pre>
</body>
</html>
